// Vitest Snapshot v1, https://vitest.dev/guide/snapshot.html

exports[`ゴールデン: 手描き風パイプラインの回帰検証 > auto-kmeans/8色/アウトラインあり 1`] = `"64x48:f720ab05"`;

exports[`ゴールデン: 手描き風パイプラインの回帰検証 > auto-kmeans/16色/コントラスト強化 1`] = `"64x48:51c444c5"`;

exports[`ゴールデン: 手描き風パイプラインの回帰検証 > 固定famicom/FSディザ 1`] = `"64x48:a4a51c5"`;

exports[`ゴールデン: 手描き風パイプラインの回帰検証 > 彩度75%/アウトラインなし 1`] = `"64x48:c2daa725"`;
