// Vitest Snapshot v1, https://vitest.dev/guide/snapshot.html

exports[`ゴールデン: パイプライン出力の回帰検証 > integer/vivid/patterning-4x4 1`] = `"64x48:16dda5c5"`;

exports[`ゴールデン: パイプライン出力の回帰検証 > retro/auto-mediancut/FS 1`] = `"64x48:8a60b285"`;

exports[`ゴールデン: パイプライン出力の回帰検証 > retro/famicom/ディザなし 1`] = `"64x48:57343a85"`;

exports[`ゴールデン: パイプライン出力の回帰検証 > retro/gameboy/ordered-4x4 1`] = `"64x48:d0c15445"`;

exports[`ゴールデン: パイプライン出力の回帰検証 > retro/grayscale/アウトライン+彩度 1`] = `"64x48:dc91445"`;
